Archive member included to satisfy reference by file (symbol)

d:/dev/mounriver/mounriver_studio/toolchain/risc-v embedded gcc/bin/../lib/gcc/riscv-none-embed/8.2.0/rv32imac/ilp32\libgcc.a(_udivdi3.o)
                              ./LVGL/lvgl/src/misc/lv_printf.o (__udivdi3)
d:/dev/mounriver/mounriver_studio/toolchain/risc-v embedded gcc/bin/../lib/gcc/riscv-none-embed/8.2.0/rv32imac/ilp32\libgcc.a(_umoddi3.o)
                              ./LVGL/lvgl/src/misc/lv_printf.o (__umoddi3)
d:/dev/mounriver/mounriver_studio/toolchain/risc-v embedded gcc/bin/../lib/gcc/riscv-none-embed/8.2.0/rv32imac/ilp32\libgcc.a(addsf3.o)
                              ./User/Main.o (__addsf3)
d:/dev/mounriver/mounriver_studio/toolchain/risc-v embedded gcc/bin/../lib/gcc/riscv-none-embed/8.2.0/rv32imac/ilp32\libgcc.a(divsf3.o)
                              ./User/Main.o (__divsf3)
d:/dev/mounriver/mounriver_studio/toolchain/risc-v embedded gcc/bin/../lib/gcc/riscv-none-embed/8.2.0/rv32imac/ilp32\libgcc.a(eqsf2.o)
                              ./Sensor/mt9m001.o (__eqsf2)
d:/dev/mounriver/mounriver_studio/toolchain/risc-v embedded gcc/bin/../lib/gcc/riscv-none-embed/8.2.0/rv32imac/ilp32\libgcc.a(gesf2.o)
                              ./LCD/lcd.o (__gesf2)
d:/dev/mounriver/mounriver_studio/toolchain/risc-v embedded gcc/bin/../lib/gcc/riscv-none-embed/8.2.0/rv32imac/ilp32\libgcc.a(lesf2.o)
                              ./Sensor/mt9m001.o (__lesf2)
d:/dev/mounriver/mounriver_studio/toolchain/risc-v embedded gcc/bin/../lib/gcc/riscv-none-embed/8.2.0/rv32imac/ilp32\libgcc.a(mulsf3.o)
                              ./User/Main.o (__mulsf3)
d:/dev/mounriver/mounriver_studio/toolchain/risc-v embedded gcc/bin/../lib/gcc/riscv-none-embed/8.2.0/rv32imac/ilp32\libgcc.a(subsf3.o)
                              ./User/Main.o (__subsf3)
d:/dev/mounriver/mounriver_studio/toolchain/risc-v embedded gcc/bin/../lib/gcc/riscv-none-embed/8.2.0/rv32imac/ilp32\libgcc.a(fixsfsi.o)
                              ./User/Main.o (__fixsfsi)
d:/dev/mounriver/mounriver_studio/toolchain/risc-v embedded gcc/bin/../lib/gcc/riscv-none-embed/8.2.0/rv32imac/ilp32\libgcc.a(fixunssfsi.o)
                              ./Sensor/mt9m001.o (__fixunssfsi)
d:/dev/mounriver/mounriver_studio/toolchain/risc-v embedded gcc/bin/../lib/gcc/riscv-none-embed/8.2.0/rv32imac/ilp32\libgcc.a(floatsisf.o)
                              ./LCD/lcd.o (__floatsisf)
d:/dev/mounriver/mounriver_studio/toolchain/risc-v embedded gcc/bin/../lib/gcc/riscv-none-embed/8.2.0/rv32imac/ilp32\libgcc.a(floatunsisf.o)
                              ./Sensor/mt9m001.o (__floatunsisf)
d:/dev/mounriver/mounriver_studio/toolchain/risc-v embedded gcc/bin/../lib/gcc/riscv-none-embed/8.2.0/rv32imac/ilp32\libgcc.a(_clz.o)
                              d:/dev/mounriver/mounriver_studio/toolchain/risc-v embedded gcc/bin/../lib/gcc/riscv-none-embed/8.2.0/rv32imac/ilp32\libgcc.a(_udivdi3.o) (__clz_tab)
d:/dev/mounriver/mounriver_studio/toolchain/risc-v embedded gcc/bin/../lib/gcc/riscv-none-embed/8.2.0/rv32imac/ilp32\libgcc.a(_clzsi2.o)
                              d:/dev/mounriver/mounriver_studio/toolchain/risc-v embedded gcc/bin/../lib/gcc/riscv-none-embed/8.2.0/rv32imac/ilp32\libgcc.a(addsf3.o) (__clzsi2)
d:/dev/mounriver/mounriver_studio/toolchain/risc-v embedded gcc/bin/../lib/gcc/riscv-none-embed/8.2.0/../../../../riscv-none-embed/lib/rv32imac/ilp32\libg_nano.a(lib_a-malloc.o)
                              ./SD/sd.o (malloc)
d:/dev/mounriver/mounriver_studio/toolchain/risc-v embedded gcc/bin/../lib/gcc/riscv-none-embed/8.2.0/../../../../riscv-none-embed/lib/rv32imac/ilp32\libg_nano.a(lib_a-memcmp.o)
                              ./LVGL/lvgl/src/font/lv_font_loader.o (memcmp)
d:/dev/mounriver/mounriver_studio/toolchain/risc-v embedded gcc/bin/../lib/gcc/riscv-none-embed/8.2.0/../../../../riscv-none-embed/lib/rv32imac/ilp32\libg_nano.a(lib_a-memcpy.o)
                              ./LVGL/lvgl/src/widgets/lv_btnmatrix.o (memcpy)
d:/dev/mounriver/mounriver_studio/toolchain/risc-v embedded gcc/bin/../lib/gcc/riscv-none-embed/8.2.0/../../../../riscv-none-embed/lib/rv32imac/ilp32\libg_nano.a(lib_a-memset.o)
                              ./User/Main.o (memset)
d:/dev/mounriver/mounriver_studio/toolchain/risc-v embedded gcc/bin/../lib/gcc/riscv-none-embed/8.2.0/../../../../riscv-none-embed/lib/rv32imac/ilp32\libg_nano.a(lib_a-nano-freer.o)
                              d:/dev/mounriver/mounriver_studio/toolchain/risc-v embedded gcc/bin/../lib/gcc/riscv-none-embed/8.2.0/../../../../riscv-none-embed/lib/rv32imac/ilp32\libg_nano.a(lib_a-malloc.o) (_free_r)
d:/dev/mounriver/mounriver_studio/toolchain/risc-v embedded gcc/bin/../lib/gcc/riscv-none-embed/8.2.0/../../../../riscv-none-embed/lib/rv32imac/ilp32\libg_nano.a(lib_a-nano-mallocr.o)
[...]
Memory Configuration

Name             Origin             Length             Attributes
FLASH            0x0000000000000000 0x0000000000070000 xr
RAM              0x0000000020000000 0x0000000000004000 xrw
RAMX             0x0000000020020000 0x0000000000018000 xrw
*default*        0x0000000000000000 0xffffffffffffffff

Linker script and memory map

LOAD ./User/Main.o
LOAD ./User/nyaops.o
LOAD ./Startup/startup_CH56x.o
LOAD ./Sensor/mt9m001.o
LOAD ./Sensor/sccb.o
LOAD ./SD/sd.o
LOAD ./RVMSIS/core_riscv.o
LOAD ./Peripheral/src/CH56x_bus8.o
LOAD ./Peripheral/src/CH56x_clk.o
LOAD ./Peripheral/src/CH56x_dvp.o
LOAD ./Peripheral/src/CH56x_ecdc.o
LOAD ./Peripheral/src/CH56x_emmc.o
LOAD ./Peripheral/src/CH56x_gpio.o
LOAD ./Peripheral/src/CH56x_hspi.o
LOAD ./Peripheral/src/CH56x_pwm.o
LOAD ./Peripheral/src/CH56x_pwr.o
LOAD ./Peripheral/src/CH56x_spi.o
LOAD ./Peripheral/src/CH56x_sys.o
LOAD ./Peripheral/src/CH56x_timer.o
LOAD ./Peripheral/src/CH56x_uart.o
LOAD ./LVGL/lvgl/src/widgets/lv_arc.o
LOAD ./LVGL/lvgl/src/widgets/lv_bar.o
LOAD ./LVGL/lvgl/src/widgets/lv_btn.o
LOAD ./LVGL/lvgl/src/widgets/lv_btnmatrix.o
LOAD ./LVGL/lvgl/src/widgets/lv_canvas.o
LOAD ./LVGL/lvgl/src/widgets/lv_checkbox.o
LOAD ./LVGL/lvgl/src/widgets/lv_dropdown.o
LOAD ./LVGL/lvgl/src/widgets/lv_img.o
LOAD ./LVGL/lvgl/src/widgets/lv_label.o
LOAD ./LVGL/lvgl/src/widgets/lv_line.o
LOAD ./LVGL/lvgl/src/widgets/lv_objx_templ.o
LOAD ./LVGL/lvgl/src/widgets/lv_roller.o
LOAD ./LVGL/lvgl/src/widgets/lv_slider.o
LOAD ./LVGL/lvgl/src/widgets/lv_switch.o
LOAD ./LVGL/lvgl/src/widgets/lv_table.o
LOAD ./LVGL/lvgl/src/widgets/lv_textarea.o
LOAD ./LVGL/lvgl/src/misc/lv_anim.o
LOAD ./LVGL/lvgl/src/misc/lv_area.o
LOAD ./LVGL/lvgl/src/misc/lv_async.o
LOAD ./LVGL/lvgl/src/misc/lv_bidi.o
LOAD ./LVGL/lvgl/src/misc/lv_color.o
LOAD ./LVGL/lvgl/src/misc/lv_fs.o
LOAD ./LVGL/lvgl/src/misc/lv_gc.o
LOAD ./LVGL/lvgl/src/misc/lv_ll.o
LOAD ./LVGL/lvgl/src/misc/lv_log.o
LOAD ./LVGL/lvgl/src/misc/lv_math.o
LOAD ./LVGL/lvgl/src/misc/lv_mem.o
LOAD ./LVGL/lvgl/src/misc/lv_printf.o
LOAD ./LVGL/lvgl/src/misc/lv_style.o
LOAD ./LVGL/lvgl/src/misc/lv_style_gen.o
LOAD ./LVGL/lvgl/src/misc/lv_templ.o
LOAD ./LVGL/lvgl/src/misc/lv_timer.o
LOAD ./LVGL/lvgl/src/misc/lv_tlsf.o
LOAD ./LVGL/lvgl/src/misc/lv_txt.o
LOAD ./LVGL/lvgl/src/misc/lv_txt_ap.o
LOAD ./LVGL/lvgl/src/misc/lv_utils.o
LOAD ./LVGL/lvgl/src/hal/lv_hal_disp.o
LOAD ./LVGL/lvgl/src/hal/lv_hal_indev.o
LOAD ./LVGL/lvgl/src/hal/lv_hal_tick.o
LOAD ./LVGL/lvgl/src/gpu/lv_gpu_nxp_pxp.o
LOAD ./LVGL/lvgl/src/gpu/lv_gpu_nxp_pxp_osa.o
LOAD ./LVGL/lvgl/src/gpu/lv_gpu_nxp_vglite.o
LOAD ./LVGL/lvgl/src/gpu/lv_gpu_stm32_dma2d.o
LOAD ./LVGL/lvgl/src/font/lv_font.o
LOAD ./LVGL/lvgl/src/font/lv_font_dejavu_16_persian_hebrew.o
LOAD ./LVGL/lvgl/src/font/lv_font_fmt_txt.o
LOAD ./LVGL/lvgl/src/font/lv_font_loader.o
LOAD ./LVGL/lvgl/src/font/lv_font_montserrat_10.o
LOAD ./LVGL/lvgl/src/font/lv_font_montserrat_12.o
LOAD ./LVGL/lvgl/src/font/lv_font_montserrat_12_subpx.o
LOAD ./LVGL/lvgl/src/font/lv_font_montserrat_14.o
LOAD ./LVGL/lvgl/src/font/lv_font_montserrat_16.o
LOAD ./LVGL/lvgl/src/font/lv_font_montserrat_18.o
LOAD ./LVGL/lvgl/src/font/lv_font_montserrat_20.o
LOAD ./LVGL/lvgl/src/font/lv_font_montserrat_22.o
LOAD ./LVGL/lvgl/src/font/lv_font_montserrat_24.o
LOAD ./LVGL/lvgl/src/font/lv_font_montserrat_26.o
LOAD ./LVGL/lvgl/src/font/lv_font_montserrat_28.o
LOAD ./LVGL/lvgl/src/font/lv_font_montserrat_28_compressed.o
LOAD ./LVGL/lvgl/src/font/lv_font_montserrat_30.o
LOAD ./LVGL/lvgl/src/font/lv_font_montserrat_32.o
LOAD ./LVGL/lvgl/src/font/lv_font_montserrat_34.o
LOAD ./LVGL/lvgl/src/font/lv_font_montserrat_36.o
LOAD ./LVGL/lvgl/src/font/lv_font_montserrat_38.o
LOAD ./LVGL/lvgl/src/font/lv_font_montserrat_40.o
LOAD ./LVGL/lvgl/src/font/lv_font_montserrat_42.o
LOAD ./LVGL/lvgl/src/font/lv_font_montserrat_44.o
LOAD ./LVGL/lvgl/src/font/lv_font_montserrat_46.o
LOAD ./LVGL/lvgl/src/font/lv_font_montserrat_48.o
LOAD ./LVGL/lvgl/src/font/lv_font_montserrat_8.o
LOAD ./LVGL/lvgl/src/font/lv_font_simsun_16_cjk.o
LOAD ./LVGL/lvgl/src/font/lv_font_unscii_16.o
LOAD ./LVGL/lvgl/src/font/lv_font_unscii_8.o
LOAD ./LVGL/lvgl/src/extra/widgets/win/lv_win.o
LOAD ./LVGL/lvgl/src/extra/widgets/tileview/lv_tileview.o
LOAD ./LVGL/lvgl/src/extra/widgets/tabview/lv_tabview.o
LOAD ./LVGL/lvgl/src/extra/widgets/spinner/lv_spinner.o
LOAD ./LVGL/lvgl/src/extra/widgets/spinbox/lv_spinbox.o
LOAD ./LVGL/lvgl/src/extra/widgets/span/lv_span.o
LOAD ./LVGL/lvgl/src/extra/widgets/msgbox/lv_msgbox.o
LOAD ./LVGL/lvgl/src/extra/widgets/meter/lv_meter.o
LOAD ./LVGL/lvgl/src/extra/widgets/list/lv_list.o
LOAD ./LVGL/lvgl/src/extra/widgets/led/lv_led.o
LOAD ./LVGL/lvgl/src/extra/widgets/keyboard/lv_keyboard.o
LOAD ./LVGL/lvgl/src/extra/widgets/imgbtn/lv_imgbtn.o
LOAD ./LVGL/lvgl/src/extra/widgets/colorwheel/lv_colorwheel.o
LOAD ./LVGL/lvgl/src/extra/widgets/chart/lv_chart.o
LOAD ./LVGL/lvgl/src/extra/widgets/calendar/lv_calendar.o
LOAD ./LVGL/lvgl/src/extra/widgets/calendar/lv_calendar_header_arrow.o
LOAD ./LVGL/lvgl/src/extra/widgets/calendar/lv_calendar_header_dropdown.o
LOAD ./LVGL/lvgl/src/extra/widgets/animimg/lv_animimg.o
LOAD ./LVGL/lvgl/src/extra/themes/mono/lv_theme_mono.o
LOAD ./LVGL/lvgl/src/extra/themes/default/lv_theme_default.o
LOAD ./LVGL/lvgl/src/extra/themes/basic/lv_theme_basic.o
LOAD ./LVGL/lvgl/src/extra/layouts/grid/lv_grid.o
LOAD ./LVGL/lvgl/src/extra/layouts/flex/lv_flex.o
LOAD ./LVGL/lvgl/src/extra/lv_extra.o
LOAD ./LVGL/lvgl/src/draw/lv_draw_arc.o
LOAD ./LVGL/lvgl/src/draw/lv_draw_blend.o
LOAD ./LVGL/lvgl/src/draw/lv_draw_img.o
LOAD ./LVGL/lvgl/src/draw/lv_draw_label.o
LOAD ./LVGL/lvgl/src/draw/lv_draw_line.o
LOAD ./LVGL/lvgl/src/draw/lv_draw_mask.o
LOAD ./LVGL/lvgl/src/draw/lv_draw_rect.o
LOAD ./LVGL/lvgl/src/draw/lv_draw_triangle.o
LOAD ./LVGL/lvgl/src/draw/lv_img_buf.o
LOAD ./LVGL/lvgl/src/draw/lv_img_cache.o
LOAD ./LVGL/lvgl/src/draw/lv_img_decoder.o
LOAD ./LVGL/lvgl/src/core/lv_disp.o
LOAD ./LVGL/lvgl/src/core/lv_event.o
LOAD ./LVGL/lvgl/src/core/lv_group.o
LOAD ./LVGL/lvgl/src/core/lv_indev.o
LOAD ./LVGL/lvgl/src/core/lv_indev_scroll.o
LOAD ./LVGL/lvgl/src/core/lv_obj.o
LOAD ./LVGL/lvgl/src/core/lv_obj_class.o
LOAD ./LVGL/lvgl/src/core/lv_obj_draw.o
LOAD ./LVGL/lvgl/src/core/lv_obj_pos.o
LOAD ./LVGL/lvgl/src/core/lv_obj_scroll.o
LOAD ./LVGL/lvgl/src/core/lv_obj_style.o
LOAD ./LVGL/lvgl/src/core/lv_obj_style_gen.o
LOAD ./LVGL/lvgl/src/core/lv_obj_tree.o
LOAD ./LVGL/lvgl/src/core/lv_refr.o
LOAD ./LVGL/lvgl/src/core/lv_theme.o
LOAD ./LVGL/gl.o
LOAD ./LCD/fonts.o
LOAD ./LCD/lcd.o
LOAD ./LCD/oled.o
LOAD ./LCD/regscreen.o
LOAD ./FATFS/diskio.o
LOAD ./FATFS/ff.o
LOAD ./FATFS/ffunicode.o
LOAD d:/dev/mounriver/mounriver_studio/toolchain/risc-v embedded gcc/bin/../lib/gcc/riscv-none-embed/8.2.0/rv32imac/ilp32\libgcc.a
LOAD d:/dev/mounriver/mounriver_studio/toolchain/risc-v embedded gcc/bin/../lib/gcc/riscv-none-embed/8.2.0/../../../../riscv-none-embed/lib/rv32imac/ilp32\libg_nano.a
LOAD d:/dev/mounriver/mounriver_studio/toolchain/risc-v embedded gcc/bin/../lib/gcc/riscv-none-embed/8.2.0/../../../../riscv-none-embed/lib/rv32imac/ilp32\libc_nano.a
LOAD d:/dev/mounriver/mounriver_studio/toolchain/risc-v embedded gcc/bin/../lib/gcc/riscv-none-embed/8.2.0/rv32imac/ilp32\libgcc.a
START GROUP
LOAD d:/dev/mounriver/mounriver_studio/toolchain/risc-v embedded gcc/bin/../lib/gcc/riscv-none-embed/8.2.0/rv32imac/ilp32\libgcc.a
LOAD d:/dev/mounriver/mounriver_studio/toolchain/risc-v embedded gcc/bin/../lib/gcc/riscv-none-embed/8.2.0/../../../../riscv-none-embed/lib/rv32imac/ilp32\libc_nano.a
LOAD d:/dev/mounriver/mounriver_studio/toolchain/risc-v embedded gcc/bin/../lib/gcc/riscv-none-embed/8.2.0/../../../../riscv-none-embed/lib/rv32imac/ilp32\libnosys.a
END GROUP
START GROUP
LOAD d:/dev/mounriver/mounriver_studio/toolchain/risc-v embedded gcc/bin/../lib/gcc/riscv-none-embed/8.2.0/rv32imac/ilp32\libgcc.a
LOAD d:/dev/mounriver/mounriver_studio/toolchain/risc-v embedded gcc/bin/../lib/gcc/riscv-none-embed/8.2.0/../../../../riscv-none-embed/lib/rv32imac/ilp32\libc_nano.a
LOAD d:/dev/mounriver/mounriver_studio/toolchain/risc-v embedded gcc/bin/../lib/gcc/riscv-none-embed/8.2.0/../../../../riscv-none-embed/lib/rv32imac/ilp32\libnosys.a
END GROUP
                0x0000000000000800                __stack_size = 0x800
                [!provide]                        PROVIDE (_stack_size = __stack_size)

.init           0x0000000000000000        0x4
                0x0000000000000000                _sinit = .
                0x0000000000000000                . = ALIGN (0x4)
 *(SORT_NONE(.init))
 .init          0x0000000000000000        0x4 ./Startup/startup_CH56x.o
                0x0000000000000000                _start
                0x0000000000000004                . = ALIGN (0x4)
                0x0000000000000004                _einit = .

.vector         0x0000000000000004       0xbc
 *(.vector)
 .vector        0x0000000000000004       0x94 ./Startup/startup_CH56x.o
                0x00000000000000c0                . = ALIGN (0x40)
 *fill*         0x0000000000000098       0x28 

.text           0x00000000000000c0     0x8d14
                0x00000000000000c0                . = ALIGN (0x4)
 *(.text)
 .text          0x00000000000000c0       0xa8 d:/dev/mounriver/mounriver_studio/toolchain/risc-v embedded gcc/bin/../lib/gcc/riscv-none-embed/8.2.0/../../../../riscv-none-embed/lib/rv32imac/ilp32\libg_nano.a(lib_a-memset.o)
                0x00000000000000c0                memset
 *(.text.*)
 .text.startup.main
                0x0000000000000168      0x92c ./User/Main.o
                0x0000000000000168                main
 .text.get_nyaops_logo
                0x0000000000000a94        0x8 ./User/nyaops.o
                0x0000000000000a94                get_nyaops_logo
 .text.vector_handler
                0x0000000000000a9c       0x32 ./Startup/startup_CH56x.o
                0x0000000000000a9c                NMI_Handler
                0x0000000000000a9e                HardFault_Handler
                0x0000000000000aa0                SysTick_Handler
                0x0000000000000aa2                SWI_Handler
                0x0000000000000aa4                WDOG_IRQHandler
                0x0000000000000aa6                TMR0_IRQHandler
                0x0000000000000aa8                GPIO_IRQHandler
                0x0000000000000aaa                SPI0_IRQHandler
                0x0000000000000aac                USBSS_IRQHandler
                0x0000000000000aae                LINK_IRQHandler
                0x0000000000000ab0                TMR1_IRQHandler
                0x0000000000000ab2                TMR2_IRQHandler
                0x0000000000000ab4                UART0_IRQHandler
                0x0000000000000ab6                USBHS_IRQHandler
                0x0000000000000ab8                EMMC_IRQHandler
                0x0000000000000abc                HSPI_IRQHandler
                0x0000000000000abe                SPI1_IRQHandler
                0x0000000000000ac0                UART1_IRQHandler
                0x0000000000000ac2                UART2_IRQHandler
                0x0000000000000ac4                UART3_IRQHandler
                0x0000000000000ac6                SERDES_IRQHandler
                0x0000000000000ac8                ETH_IRQHandler
                0x0000000000000aca                PMT_IRQHandler
                0x0000000000000acc                ECDC_IRQHandler
 .text.handle_reset
                0x0000000000000ace       0x94 ./Startup/startup_CH56x.o
                0x0000000000000ace                handle_reset
 .text.sensor_clock
                0x0000000000000b62       0x44 ./Sensor/mt9m001.o
                0x0000000000000b62                sensor_clock
 .text.sensor_init
                0x0000000000000ba6      0x142 ./Sensor/mt9m001.o
                0x0000000000000ba6                sensor_init
 .text.sensor_shutter
                0x0000000000000ce8       0x82 ./Sensor/mt9m001.o
                0x0000000000000ce8                sensor_shutter
 .text.sensor_gain
                0x0000000000000d6a       0xc8 ./Sensor/mt9m001.o
                0x0000000000000d6a                sensor_gain
 .text.sensor_get_buf
                0x0000000000000e32       0x24 ./Sensor/mt9m001.o
                0x0000000000000e32                sensor_get_buf
 .text.sensor_req_buf
                0x0000000000000e56        0xc ./Sensor/mt9m001.o
                0x0000000000000e56                sensor_req_buf
 .text.DVP_IRQHandler
                0x0000000000000e62      0x100 ./Sensor/mt9m001.o
                0x0000000000000e62                DVP_IRQHandler
 .text.__sccb_start
                0x0000000000000f62       0x34 ./Sensor/sccb.o
                0x0000000000000f62                __sccb_start
 .text.__sccb_stop
                0x0000000000000f96       0x34 ./Sensor/sccb.o
                0x0000000000000f96                __sccb_stop
 .text.__sccb_ack
                0x0000000000000fca       0x62 ./Sensor/sccb.o
                0x0000000000000fca                __sccb_ack
 .text.__sccb_wr
                0x000000000000102c       0x7e ./Sensor/sccb.o
                0x000000000000102c                __sccb_wr
 .text.sccb_init
                0x00000000000010aa       0x16 ./Sensor/sccb.o
                0x00000000000010aa                sccb_init
 .text.sccb_write
                0x00000000000010c0       0x36 ./Sensor/sccb.o
                0x00000000000010c0                sccb_write
 .text._sd_avail
                0x00000000000010f6       0x10 ./SD/sd.o
                0x00000000000010f6                _sd_avail
 .text._sd_select.constprop.5
                0x0000000000001106        0xe ./SD/sd.o
 .text._sd_transfer.constprop.6
                0x0000000000001114       0x28 ./SD/sd.o
 .text._sd_deselect.constprop.7
                0x000000000000113c        0xe ./SD/sd.o
 .text._sd_blk_transfer
                0x000000000000114a       0x4c ./SD/sd.o
                0x000000000000114a                _sd_blk_transfer
 .text._sd_wait_ack_
                0x0000000000001196       0x3e ./SD/sd.o
                0x0000000000001196                _sd_wait_ack_
 .text._sd_cmd  0x00000000000011d4       0x66 ./SD/sd.o
                0x00000000000011d4                _sd_cmd
 .text._sd_wait_ready_
                0x000000000000123a       0x3a ./SD/sd.o
                0x000000000000123a                _sd_wait_ready_
 .text._sd_cmd_ncs_
                0x0000000000001274       0x46 ./SD/sd.o
                0x0000000000001274                _sd_cmd_ncs_
 .text._sd_write
                0x00000000000012ba       0xd4 ./SD/sd.o
                0x00000000000012ba                _sd_write
 .text._sd_writes
                0x000000000000138e      0x116 ./SD/sd.o
                0x000000000000138e                _sd_writes
 .text.spiInit  0x00000000000014a4       0x14 ./SD/sd.o
                0x00000000000014a4                spiInit
 .text._sd_init
                0x00000000000014b8      0x260 ./SD/sd.o
                0x00000000000014b8                _sd_init
 .text._sd_receive_ncs_
                0x0000000000001718       0x7e ./SD/sd.o
                0x0000000000001718                _sd_receive_ncs_
 .text._sd_cid.part.2
                0x0000000000001796       0x34 ./SD/sd.o
 .text._sd_csd  0x00000000000017ca       0x44 ./SD/sd.o
                0x00000000000017ca                _sd_csd
 .text._sd_size
                0x000000000000180e       0x8a ./SD/sd.o
                0x000000000000180e                _sd_size
 .text._sd_cid  0x0000000000001898       0x44 ./SD/sd.o
                0x0000000000001898                _sd_cid
 .text._sd_read
                0x00000000000018dc       0x7a ./SD/sd.o
                0x00000000000018dc                _sd_read
 .text._sd_reads
                0x0000000000001956       0xa8 ./SD/sd.o
                0x0000000000001956                _sd_reads
 .text.SDInit   0x00000000000019fe       0x84 ./SD/sd.o
                0x00000000000019fe                SDInit
 .text.SystemInit
                0x0000000000001a82       0xfa ./Peripheral/src/CH56x_clk.o
                0x0000000000001a82                SystemInit
 .text.GPIOA_ModeCfg
                0x0000000000001b7c      0x114 ./Peripheral/src/CH56x_gpio.o
                0x0000000000001b7c                GPIOA_ModeCfg
 .text.GPIOB_ModeCfg
                0x0000000000001c90      0x114 ./Peripheral/src/CH56x_gpio.o
                0x0000000000001c90                GPIOB_ModeCfg
 .text.SPI0_MasterDefInit
                0x0000000000001da4       0x32 ./Peripheral/src/CH56x_spi.o
                0x0000000000001da4                SPI0_MasterDefInit
 .text.SPI0_DataMode
                0x0000000000001dd6       0x6a ./Peripheral/src/CH56x_spi.o
                0x0000000000001dd6                SPI0_DataMode
 .text.SPI1_MasterDefInit
                0x0000000000001e40       0x32 ./Peripheral/src/CH56x_spi.o
                0x0000000000001e40                SPI1_MasterDefInit
 .text.SPI1_DataMode
                0x0000000000001e72       0x6a ./Peripheral/src/CH56x_spi.o
                0x0000000000001e72                SPI1_DataMode
 .text.SPI1_MasterSendByte
                0x0000000000001edc       0x24 ./Peripheral/src/CH56x_spi.o
                0x0000000000001edc                SPI1_MasterSendByte
 .text.SPI1_MasterTrans
                0x0000000000001f00       0x4c ./Peripheral/src/CH56x_spi.o
                0x0000000000001f00                SPI1_MasterTrans
 .text.Delay_Init
                0x0000000000001f4c       0x22 ./Peripheral/src/CH56x_sys.o
                0x0000000000001f4c                Delay_Init
 .text.mDelayuS
                0x0000000000001f6e       0x2a ./Peripheral/src/CH56x_sys.o
                0x0000000000001f6e                mDelayuS
 .text.mDelaymS
                0x0000000000001f98       0x2a ./Peripheral/src/CH56x_sys.o
                0x0000000000001f98                mDelaymS
 .text.TMR1_PWMInit
                0x0000000000001fc2       0x1e ./Peripheral/src/CH56x_timer.o
                0x0000000000001fc2                TMR1_PWMInit
 .text.getFont  0x0000000000001fe0       0x16 ./LCD/fonts.o
                0x0000000000001fe0                getFont
 .text._lcd_font
                0x0000000000001ff6        0x4 ./LCD/lcd.o
                0x0000000000001ff6                _lcd_font
 .text._lcd_reset
                0x0000000000001ffa       0x30 ./LCD/lcd.o
                0x0000000000001ffa                _lcd_reset
 .text._lcd_backLight
                0x000000000000202a       0x1a ./LCD/lcd.o
                0x000000000000202a                _lcd_backLight
 .text._lcd_writeCommand.constprop.5
                0x0000000000002044       0x34 ./LCD/lcd.o
 .text._lcd_dispControl
                0x0000000000002078        0xc ./LCD/lcd.o
                0x0000000000002078                _lcd_dispControl
 .text.__io_init
                0x0000000000002084       0x7a ./LCD/lcd.o
                0x0000000000002084                __io_init
 .text._lcd_writeData
                0x00000000000020fe       0x38 ./LCD/lcd.o
                0x00000000000020fe                _lcd_writeData
 .text._lcd_writeDatas
                0x0000000000002136       0x3a ./LCD/lcd.o
                0x0000000000002136                _lcd_writeDatas
 .text._lcd_writeData16
                0x0000000000002170       0x40 ./LCD/lcd.o
                0x0000000000002170                _lcd_writeData16
 .text._lcd_writeData16s
                0x00000000000021b0       0x40 ./LCD/lcd.o
                0x00000000000021b0                _lcd_writeData16s
 .text.__spi1_blk_trans
                0x00000000000021f0       0x8e ./LCD/lcd.o
                0x00000000000021f0                __spi1_blk_trans
 .text.__spi1_flash
                0x000000000000227e       0x66 ./LCD/lcd.o
                0x000000000000227e                __spi1_flash
 .text._lcd_flashData16
                0x00000000000022e4       0x72 ./LCD/lcd.o
                0x00000000000022e4                _lcd_flashData16
 .text._lcd_writeReg8
                0x0000000000002356       0x22 ./LCD/lcd.o
                0x0000000000002356                _lcd_writeReg8
 .text._lcd_writeReg32
                0x0000000000002378       0x4a ./LCD/lcd.o
                0x0000000000002378                _lcd_writeReg32
 .text._lcd_setPosition
                0x00000000000023c2       0x32 ./LCD/lcd.o
                0x00000000000023c2                _lcd_setPosition
 .text._lcd_rotate
                0x00000000000023f4       0xa0 ./LCD/lcd.o
                0x00000000000023f4                _lcd_rotate
 .text._lcd_init
                0x0000000000002494       0x74 ./LCD/lcd.o
                0x0000000000002494                _lcd_init
 .text._lcd_clear
                0x0000000000002508       0x52 ./LCD/lcd.o
                0x0000000000002508                _lcd_clear
 .text._lcd_pixel
                0x000000000000255a       0x28 ./LCD/lcd.o
                0x000000000000255a                _lcd_pixel
 .text._lcd_row
                0x0000000000002582       0x2e ./LCD/lcd.o
                0x0000000000002582                _lcd_row
 .text._lcd_bitmap
                0x00000000000025b0       0x80 ./LCD/lcd.o
                0x00000000000025b0                _lcd_bitmap
 .text._lcd_bitmapf
                0x0000000000002630       0x46 ./LCD/lcd.o
                0x0000000000002630                _lcd_bitmapf
 .text._lcd_bitmapc
                0x0000000000002676       0x9a ./LCD/lcd.o
                0x0000000000002676                _lcd_bitmapc
 .text._lcd_bitmaps
                0x0000000000002710      0x102 ./LCD/lcd.o
                0x0000000000002710                _lcd_bitmaps
 .text._lcd_bitmapsc
                0x0000000000002812       0x1c ./LCD/lcd.o
                0x0000000000002812                _lcd_bitmapsc
 .text._lcd_draw
                0x000000000000282e      0x192 ./LCD/lcd.o
                0x000000000000282e                _lcd_draw
 .text._lcd_print
                0x00000000000029c0      0x138 ./LCD/lcd.o
                0x00000000000029c0                _lcd_print
 .text._lcd_printf
                0x0000000000002af8       0x5a ./LCD/lcd.o
                0x0000000000002af8                _lcd_printf
 .text._lcd_printfc
                0x0000000000002b52       0x7c ./LCD/lcd.o
                0x0000000000002b52                _lcd_printfc
 .text._lcd_scroll
                0x0000000000002bce      0x152 ./LCD/lcd.o
                0x0000000000002bce                _lcd_scroll
 .text._lcd_line
                0x0000000000002d20      0x206 ./LCD/lcd.o
                0x0000000000002d20                _lcd_line
 .text._lcd_tri
                0x0000000000002f26      0x2e6 ./LCD/lcd.o
                0x0000000000002f26                _lcd_tri
 .text._lcd_rect
                0x000000000000320c       0xe4 ./LCD/lcd.o
                0x000000000000320c                _lcd_rect
 .text.rgb_565  0x00000000000032f0       0x28 ./LCD/lcd.o
                0x00000000000032f0                rgb_565
 .text._lcd_back_color
                0x0000000000003318       0x1a ./LCD/lcd.o
                0x0000000000003318                _lcd_back_color
 .text._lcd_fore_color
                0x0000000000003332       0x1a ./LCD/lcd.o
                0x0000000000003332                _lcd_fore_color
 .text._lcd_bitmapt
                0x000000000000334c       0x98 ./LCD/lcd.o
                0x000000000000334c                _lcd_bitmapt
 .text._lcd_bitmaptc
                0x00000000000033e4       0xb4 ./LCD/lcd.o
                0x00000000000033e4                _lcd_bitmaptc
 .text._lcd_printa_
                0x0000000000003498      0x1ec ./LCD/lcd.o
                0x0000000000003498                _lcd_printa_
 .text._lcd_printfa
                0x0000000000003684       0x4c ./LCD/lcd.o
                0x0000000000003684                _lcd_printfa
 .text.LCDInit  0x00000000000036d0      0x162 ./LCD/lcd.o
                0x00000000000036d0                LCDInit
 .text._oled_trans
                0x0000000000003832        0x6 ./LCD/oled.o
                0x0000000000003832                _oled_trans
 .text._oled_color
                0x0000000000003838        0x4 ./LCD/oled.o
                0x0000000000003838                _oled_color
 .text._oled_font
                0x000000000000383c        0x4 ./LCD/oled.o
                0x000000000000383c                _oled_font
 .text.__oled_start
                0x0000000000003840       0x3a ./LCD/oled.o
                0x0000000000003840                __oled_start
 .text.__oled_stop
                0x000000000000387a       0x3a ./LCD/oled.o
                0x000000000000387a                __oled_stop
 .text.__oled_ack
                0x00000000000038b4       0x6a ./LCD/oled.o
                0x00000000000038b4                __oled_ack
 .text.__oled_wr
                0x000000000000391e       0x8c ./LCD/oled.o
                0x000000000000391e                __oled_wr
 .text.iic_init
                0x00000000000039aa       0x24 ./LCD/oled.o
                0x00000000000039aa                iic_init
 .text._oled_writeCommand
                0x00000000000039ce       0x38 ./LCD/oled.o
                0x00000000000039ce                _oled_writeCommand
 .text._oled_bright
                0x0000000000003a06       0x26 ./LCD/oled.o
                0x0000000000003a06                _oled_bright
 .text._oled_open
                0x0000000000003a2c       0x28 ./LCD/oled.o
                0x0000000000003a2c                _oled_open
 .text._oled_close
                0x0000000000003a54       0x28 ./LCD/oled.o
                0x0000000000003a54                _oled_close
 .text._oled_writeData
                0x0000000000003a7c       0x3a ./LCD/oled.o
                0x0000000000003a7c                _oled_writeData
 .text._oled_setPosition
                0x0000000000003ab6       0x3c ./LCD/oled.o
                0x0000000000003ab6                _oled_setPosition
 .text._oled_clear
                0x0000000000003af2       0x54 ./LCD/oled.o
                0x0000000000003af2                _oled_clear
 .text._oled_init
                0x0000000000003b46      0x17a ./LCD/oled.o
                0x0000000000003b46                _oled_init
 .text._oled_flash
                0x0000000000003cc0       0x6c ./LCD/oled.o
                0x0000000000003cc0                _oled_flash
 .text._oled_draw
                0x0000000000003d2c      0x13a ./LCD/oled.o
                0x0000000000003d2c                _oled_draw
 .text._oled_print
                0x0000000000003e66       0x8e ./LCD/oled.o
                0x0000000000003e66                _oled_print
 .text._oled_printf
                0x0000000000003ef4       0x5a ./LCD/oled.o
                0x0000000000003ef4                _oled_printf
 .text._oled_printfc
                0x0000000000003f4e       0x74 ./LCD/oled.o
                0x0000000000003f4e                _oled_printfc
 .text.OLEDInit
                0x0000000000003fc2       0xb2 ./LCD/oled.o
                0x0000000000003fc2                OLEDInit
 .text.getRegValues
                0x0000000000004074        0x8 ./LCD/regscreen.o
                0x0000000000004074                getRegValues
 .text.disk_status
                0x000000000000407c        0xa ./FATFS/diskio.o
                0x000000000000407c                disk_status
 .text.disk_initialize
                0x0000000000004086       0x22 ./FATFS/diskio.o
                0x0000000000004086                disk_initialize
 .text.disk_read
                0x00000000000040a8       0x34 ./FATFS/diskio.o
                0x00000000000040a8                disk_read
 .text.disk_write
                0x00000000000040dc       0x34 ./FATFS/diskio.o
                0x00000000000040dc                disk_write
 .text.disk_ioctl
                0x0000000000004110        0x4 ./FATFS/diskio.o
                0x0000000000004110                disk_ioctl
 .text.ld_dword
                0x0000000000004114       0x1e ./FATFS/ff.o
 .text.clst2sect
                0x0000000000004132       0x1c ./FATFS/ff.o
 .text.get_ldnumber
                0x000000000000414e       0x42 ./FATFS/ff.o
 .text.validate
                0x0000000000004190       0x4a ./FATFS/ff.o
 .text.ld_clust.isra.2
                0x00000000000041da       0x26 ./FATFS/ff.o
 .text.st_clust.isra.3
                0x0000000000004200       0x28 ./FATFS/ff.o
 .text.sync_window.part.5
                0x0000000000004228       0x5c ./FATFS/ff.o
 .text.move_window
                0x0000000000004284       0x4e ./FATFS/ff.o
 .text.check_fs
                0x00000000000042d2       0xf8 ./FATFS/ff.o
 .text.put_fat  0x00000000000043ca      0x150 ./FATFS/ff.o
 .text.get_fat.isra.8
                0x000000000000451a       0xe2 ./FATFS/ff.o
 .text.create_chain
                0x00000000000045fc      0x114 ./FATFS/ff.o
 .text.remove_chain
                0x0000000000004710       0x98 ./FATFS/ff.o
 .text.mount_volume
                0x00000000000047a8      0x2f6 ./FATFS/ff.o
 .text.dir_sdi.constprop.14
                0x0000000000004a9e       0x90 ./FATFS/ff.o
 .text.dir_clear
                0x0000000000004b2e       0x76 ./FATFS/ff.o
 .text.dir_next
                0x0000000000004ba4       0xde ./FATFS/ff.o
 .text.follow_path
                0x0000000000004c82      0x20e ./FATFS/ff.o
 .text.dir_register
                0x0000000000004e90       0x86 ./FATFS/ff.o
 .text.sync_fs  0x0000000000004f16       0xe6 ./FATFS/ff.o
 .text.f_mount  0x0000000000004ffc       0x50 ./FATFS/ff.o
                0x0000000000004ffc                f_mount
 .text.f_open   0x000000000000504c      0x218 ./FATFS/ff.o
                0x000000000000504c                f_open
 .text.f_read   0x0000000000005264      0x1aa ./FATFS/ff.o
                0x0000000000005264                f_read
 .text.f_write  0x000000000000540e      0x1e8 ./FATFS/ff.o
                0x000000000000540e                f_write
 .text.putc_bfd
                0x00000000000055f6       0x68 ./FATFS/ff.o
 .text.putc_flush
                0x000000000000565e       0x36 ./FATFS/ff.o
 .text.f_sync   0x0000000000005694       0xce ./FATFS/ff.o
                0x0000000000005694                f_sync
 .text.f_close  0x0000000000005762       0x24 ./FATFS/ff.o
                0x0000000000005762                f_close
 .text.f_printf
                0x0000000000005786      0x2fa ./FATFS/ff.o
                0x0000000000005786                f_printf
 .text.__addsf3
                0x0000000000005a80      0x36a d:/dev/mounriver/mounriver_studio/toolchain/risc-v embedded gcc/bin/../lib/gcc/riscv-none-embed/8.2.0/rv32imac/ilp32\libgcc.a(addsf3.o)
                0x0000000000005a80                __addsf3
 .text.__divsf3
                0x0000000000005dea      0x2b2 d:/dev/mounriver/mounriver_studio/toolchain/risc-v embedded gcc/bin/../lib/gcc/riscv-none-embed/8.2.0/rv32imac/ilp32\libgcc.a(divsf3.o)
                0x0000000000005dea                __divsf3
 .text.__eqsf2  0x000000000000609c       0x5c d:/dev/mounriver/mounriver_studio/toolchain/risc-v embedded gcc/bin/../lib/gcc/riscv-none-embed/8.2.0/rv32imac/ilp32\libgcc.a(eqsf2.o)
                0x000000000000609c                __eqsf2
                0x000000000000609c                __nesf2
 .text.__gesf2  0x00000000000060f8       0x86 d:/dev/mounriver/mounriver_studio/toolchain/risc-v embedded gcc/bin/../lib/gcc/riscv-none-embed/8.2.0/rv32imac/ilp32\libgcc.a(gesf2.o)
                0x00000000000060f8                __gesf2
                0x00000000000060f8                __gtsf2
 .text.__lesf2  0x000000000000617e       0x8c d:/dev/mounriver/mounriver_studio/toolchain/risc-v embedded gcc/bin/../lib/gcc/riscv-none-embed/8.2.0/rv32imac/ilp32\libgcc.a(lesf2.o)
                0x000000000000617e                __ltsf2
                0x000000000000617e                __lesf2
 .text.__mulsf3
                0x000000000000620a      0x290 d:/dev/mounriver/mounriver_studio/toolchain/risc-v embedded gcc/bin/../lib/gcc/riscv-none-embed/8.2.0/rv32imac/ilp32\libgcc.a(mulsf3.o)
                0x000000000000620a                __mulsf3
 .text.__subsf3
                0x000000000000649a      0x388 d:/dev/mounriver/mounriver_studio/toolchain/risc-v embedded gcc/bin/../lib/gcc/riscv-none-embed/8.2.0/rv32imac/ilp32\libgcc.a(subsf3.o)
                0x000000000000649a                __subsf3
 .text.__fixsfsi
                0x0000000000006822       0x62 d:/dev/mounriver/mounriver_studio/toolchain/risc-v embedded gcc/bin/../lib/gcc/riscv-none-embed/8.2.0/rv32imac/ilp32\libgcc.a(fixsfsi.o)
                0x0000000000006822                __fixsfsi
 .text.__fixunssfsi
                0x0000000000006884       0x56 d:/dev/mounriver/mounriver_studio/toolchain/risc-v embedded gcc/bin/../lib/gcc/riscv-none-embed/8.2.0/rv32imac/ilp32\libgcc.a(fixunssfsi.o)
                0x0000000000006884                __fixunssfsi
 .text.__floatsisf
                0x00000000000068da       0xc6 d:/dev/mounriver/mounriver_studio/toolchain/risc-v embedded gcc/bin/../lib/gcc/riscv-none-embed/8.2.0/rv32imac/ilp32\libgcc.a(floatsisf.o)
                0x00000000000068da                __floatsisf
 .text.__floatunsisf
                0x00000000000069a0       0xce d:/dev/mounriver/mounriver_studio/toolchain/risc-v embedded gcc/bin/../lib/gcc/riscv-none-embed/8.2.0/rv32imac/ilp32\libgcc.a(floatunsisf.o)
                0x00000000000069a0                __floatunsisf
 .text.__clzsi2
                0x0000000000006a6e       0x76 d:/dev/mounriver/mounriver_studio/toolchain/risc-v embedded gcc/bin/../lib/gcc/riscv-none-embed/8.2.0/rv32imac/ilp32\libgcc.a(_clzsi2.o)
                0x0000000000006a6e                __clzsi2
 .text.malloc   0x0000000000006ae4        0xe d:/dev/mounriver/mounriver_studio/toolchain/risc-v embedded gcc/bin/../lib/gcc/riscv-none-embed/8.2.0/../../../../riscv-none-embed/lib/rv32imac/ilp32\libg_nano.a(lib_a-malloc.o)
                0x0000000000006ae4                malloc
 .text.free     0x0000000000006af2        0xe d:/dev/mounriver/mounriver_studio/toolchain/risc-v embedded gcc/bin/../lib/gcc/riscv-none-embed/8.2.0/../../../../riscv-none-embed/lib/rv32imac/ilp32\libg_nano.a(lib_a-malloc.o)
                0x0000000000006af2                free
 .text.memcmp   0x0000000000006b00       0x26 d:/dev/mounriver/mounriver_studio/toolchain/risc-v embedded gcc/bin/../lib/gcc/riscv-none-embed/8.2.0/../../../../riscv-none-embed/lib/rv32imac/ilp32\libg_nano.a(lib_a-memcmp.o)
                0x0000000000006b00                memcmp
 .text.memcpy   0x0000000000006b26       0xb6 d:/dev/mounriver/mounriver_studio/toolchain/risc-v embedded gcc/bin/../lib/gcc/riscv-none-embed/8.2.0/../../../../riscv-none-embed/lib/rv32imac/ilp32\libg_nano.a(lib_a-memcpy.o)
                0x0000000000006b26                memcpy
 .text._free_r  0x0000000000006bdc       0xa4 d:/dev/mounriver/mounriver_studio/toolchain/risc-v embedded gcc/bin/../lib/gcc/riscv-none-embed/8.2.0/../../../../riscv-none-embed/lib/rv32imac/ilp32\libg_nano.a(lib_a-nano-freer.o)
                0x0000000000006bdc                _free_r
 .text._malloc_r
                0x0000000000006c80       0xce d:/dev/mounriver/mounriver_studio/toolchain/risc-v embedded gcc/bin/../lib/gcc/riscv-none-embed/8.2.0/../../../../riscv-none-embed/lib/rv32imac/ilp32\libg_nano.a(lib_a-nano-mallocr.o)
                0x0000000000006c80                _malloc_r
 .text._sbrk_r  0x0000000000006d4e       0x2a d:/dev/mounriver/mounriver_studio/toolchain/risc-v embedded gcc/bin/../lib/gcc/riscv-none-embed/8.2.0/../../../../riscv-none-embed/lib/rv32imac/ilp32\libg_nano.a(lib_a-sbrkr.o)
                0x0000000000006d4e                _sbrk_r
 .text.strchr   0x0000000000006d78       0x1a d:/dev/mounriver/mounriver_studio/toolchain/risc-v embedded gcc/bin/../lib/gcc/riscv-none-embed/8.2.0/../../../../riscv-none-embed/lib/rv32imac/ilp32\libg_nano.a(lib_a-strchr.o)
                0x0000000000006d78                strchr
 .text.strlen   0x0000000000006d92       0x12 d:/dev/mounriver/mounriver_studio/toolchain/risc-v embedded gcc/bin/../lib/gcc/riscv-none-embed/8.2.0/../../../../riscv-none-embed/lib/rv32imac/ilp32\libg_nano.a(lib_a-strlen.o)
                0x0000000000006d92                strlen
 .text._vsprintf_r
                0x0000000000006da4       0x2c d:/dev/mounriver/mounriver_studio/toolchain/risc-v embedded gcc/bin/../lib/gcc/riscv-none-embed/8.2.0/../../../../riscv-none-embed/lib/rv32imac/ilp32\libg_nano.a(lib_a-vsprintf.o)
                0x0000000000006da4                _vsprintf_r
                0x0000000000006da4                _vsiprintf_r
 .text.vsprintf
                0x0000000000006dd0       0x14 d:/dev/mounriver/mounriver_studio/toolchain/risc-v embedded gcc/bin/../lib/gcc/riscv-none-embed/8.2.0/../../../../riscv-none-embed/lib/rv32imac/ilp32\libg_nano.a(lib_a-vsprintf.o)
                0x0000000000006dd0                vsiprintf
                0x0000000000006dd0                vsprintf
 .text.__malloc_lock
                0x0000000000006de4        0x2 d:/dev/mounriver/mounriver_studio/toolchain/risc-v embedded gcc/bin/../lib/gcc/riscv-none-embed/8.2.0/../../../../riscv-none-embed/lib/rv32imac/ilp32\libg_nano.a(lib_a-mlock.o)
                0x0000000000006de4                __malloc_lock
 .text.__malloc_unlock
                0x0000000000006de6        0x2 d:/dev/mounriver/mounriver_studio/toolchain/risc-v embedded gcc/bin/../lib/gcc/riscv-none-embed/8.2.0/../../../../riscv-none-embed/lib/rv32imac/ilp32\libg_nano.a(lib_a-mlock.o)
                0x0000000000006de6                __malloc_unlock
 .text._realloc_r
                0x0000000000006de8       0x5a d:/dev/mounriver/mounriver_studio/toolchain/risc-v embedded gcc/bin/../lib/gcc/riscv-none-embed/8.2.0/../../../../riscv-none-embed/lib/rv32imac/ilp32\libg_nano.a(lib_a-nano-reallocr.o)
                0x0000000000006de8                _realloc_r
 .text.__ssputs_r
                0x0000000000006e42       0xec d:/dev/mounriver/mounriver_studio/toolchain/risc-v embedded gcc/bin/../lib/gcc/riscv-none-embed/8.2.0/../../../../riscv-none-embed/lib/rv32imac/ilp32\libg_nano.a(lib_a-nano-svfprintf.o)
                0x0000000000006e42                __ssputs_r
 .text._svfprintf_r
                0x0000000000006f2e      0x27a d:/dev/mounriver/mounriver_studio/toolchain/risc-v embedded gcc/bin/../lib/gcc/riscv-none-embed/8.2.0/../../../../riscv-none-embed/lib/rv32imac/ilp32\libg_nano.a(lib_a-nano-svfprintf.o)
                0x0000000000006f2e                _svfiprintf_r
                0x0000000000006f2e                _svfprintf_r
 .text._printf_common
                0x00000000000071a8      0x10c d:/dev/mounriver/mounriver_studio/toolchain/risc-v embedded gcc/bin/../lib/gcc/riscv-none-embed/8.2.0/../../../../riscv-none-embed/lib/rv32imac/ilp32\libg_nano.a(lib_a-nano-vfprintf_i.o)
                0x00000000000071a8                _printf_common
 .text._printf_i
                0x00000000000072b4      0x2aa d:/dev/mounriver/mounriver_studio/toolchain/risc-v embedded gcc/bin/../lib/gcc/riscv-none-embed/8.2.0/../../../../riscv-none-embed/lib/rv32imac/ilp32\libg_nano.a(lib_a-nano-vfprintf_i.o)
                0x00000000000072b4                _printf_i
 .text.memchr   0x000000000000755e       0x1a d:/dev/mounriver/mounriver_studio/toolchain/risc-v embedded gcc/bin/../lib/gcc/riscv-none-embed/8.2.0/../../../../riscv-none-embed/lib/rv32imac/ilp32\libg_nano.a(lib_a-memchr.o)
                0x000000000000755e                memchr
 .text.memmove  0x0000000000007578       0x4a d:/dev/mounriver/mounriver_studio/toolchain/risc-v embedded gcc/bin/../lib/gcc/riscv-none-embed/8.2.0/../../../../riscv-none-embed/lib/rv32imac/ilp32\libg_nano.a(lib_a-memmove.o)
                0x0000000000007578                memmove
 .text._malloc_usable_size_r
                0x00000000000075c2       0x14 d:/dev/mounriver/mounriver_studio/toolchain/risc-v embedded gcc/bin/../lib/gcc/riscv-none-embed/8.2.0/../../../../riscv-none-embed/lib/rv32imac/ilp32\libg_nano.a(lib_a-nano-msizer.o)
                0x00000000000075c2                _malloc_usable_size_r
 .text._sbrk    0x00000000000075d6       0x20 d:/dev/mounriver/mounriver_studio/toolchain/risc-v embedded gcc/bin/../lib/gcc/riscv-none-embed/8.2.0/../../../../riscv-none-embed/lib/rv32imac/ilp32\libnosys.a(sbrk.o)
                0x00000000000075d6                _sbrk
 *(.rodata)
 *(.rodata*)
 *fill*         0x00000000000075f6        0x2 
 .rodata.main.cst4
                0x00000000000075f8       0x18 ./User/Main.o
 .rodata.main.str1.4
                0x0000000000007610      0x1d4 ./User/Main.o
                                        0x1dc (size before relaxing)
 .rodata.nyaops_logo
                0x00000000000077e4      0x260 ./User/nyaops.o
 .rodata.__color_map
                0x0000000000007a44      0x800 ./Sensor/mt9m001.o
 .rodata.sensor_gain.cst4
                0x0000000000008244        0xc ./Sensor/mt9m001.o
                                         0x10 (size before relaxing)
 .rodata.sensor_shutter.cst4
                0x0000000000008250        0x8 ./Sensor/mt9m001.o
                                          0xc (size before relaxing)
 .rodata.GPIOA_ModeCfg
                0x0000000000008258       0x2c ./Peripheral/src/CH56x_gpio.o
 .rodata.GPIOB_ModeCfg
                0x0000000000008284       0x2c ./Peripheral/src/CH56x_gpio.o
 .rodata.__FONTS_BIG_
                0x00000000000082b0      0x5f0 ./LCD/fonts.o
                0x00000000000082b0                __FONTS_BIG_
 .rodata.__FONTS_SMALL_
                0x00000000000088a0      0x228 ./LCD/fonts.o
                0x00000000000088a0                __FONTS_SMALL_
 .rodata._lcd_line.cst4
                0x0000000000008ac8        0x4 ./LCD/lcd.o
                                          0x8 (size before relaxing)
 .rodata.regs   0x0000000000008acc       0x6f ./LCD/regscreen.o
 *fill*         0x0000000000008b3b        0x1 
 .rodata.ExCvt  0x0000000000008b3c       0x80 ./FATFS/ff.o
 .rodata.check_fs.str1.4
                0x0000000000008bbc        0x9 ./FATFS/ff.o
 *fill*         0x0000000000008bc5        0x3 
 .rodata.follow_path.str1.4
                0x0000000000008bc8        0xf ./FATFS/ff.o
 *fill*         0x0000000000008bd7        0x1 
 .rodata.__divsf3
                0x0000000000008bd8       0x80 d:/dev/mounriver/mounriver_studio/toolchain/risc-v embedded gcc/bin/../lib/gcc/riscv-none-embed/8.2.0/rv32imac/ilp32\libgcc.a(divsf3.o)
 .rodata.__mulsf3
                0x0000000000008c58       0x40 d:/dev/mounriver/mounriver_studio/toolchain/risc-v embedded gcc/bin/../lib/gcc/riscv-none-embed/8.2.0/rv32imac/ilp32\libgcc.a(mulsf3.o)
 .rodata.__clz_tab
                0x0000000000008c98      0x100 d:/dev/mounriver/mounriver_studio/toolchain/risc-v embedded gcc/bin/../lib/gcc/riscv-none-embed/8.2.0/rv32imac/ilp32\libgcc.a(_clz.o)
                0x0000000000008c98                __clz_tab
 .rodata._svfprintf_r.str1.4
                0x0000000000008d98       0x13 d:/dev/mounriver/mounriver_studio/toolchain/risc-v embedded gcc/bin/../lib/gcc/riscv-none-embed/8.2.0/../../../../riscv-none-embed/lib/rv32imac/ilp32\libg_nano.a(lib_a-nano-svfprintf.o)
 *fill*         0x0000000000008dab        0x1 
 .rodata._printf_i.str1.4
                0x0000000000008dac       0x28 d:/dev/mounriver/mounriver_studio/toolchain/risc-v embedded gcc/bin/../lib/gcc/riscv-none-embed/8.2.0/../../../../riscv-none-embed/lib/rv32imac/ilp32\libg_nano.a(lib_a-nano-vfprintf_i.o)
                                         0x25 (size before relaxing)
 *(.glue_7)
 *(.glue_7t)
 *(.gnu.linkonce.t.*)
                0x0000000000008dd4                . = ALIGN (0x4)

.rela.dyn       0x0000000000008dd4        0x0
 .rela.init     0x0000000000008dd4        0x0 ./User/Main.o
 .rela.vector   0x0000000000008dd4        0x0 ./User/Main.o
 .rela.text.handle_reset
                0x0000000000008dd4        0x0 ./User/Main.o
 .rela.text._sbrk_r
                0x0000000000008dd4        0x0 ./User/Main.o
 .rela.data.impure_data
                0x0000000000008dd4        0x0 ./User/Main.o
 .rela.text._svfprintf_r
                0x0000000000008dd4        0x0 ./User/Main.o
 .rela.text._sbrk
                0x0000000000008dd4        0x0 ./User/Main.o

.fini           0x0000000000008dd4        0x0
 *(SORT_NONE(.fini))
                0x0000000000008dd4                . = ALIGN (0x4)
                [!provide]                        PROVIDE (_etext = .)
                [!provide]                        PROVIDE (_eitcm = .)

.preinit_array  0x0000000000008dd4        0x0
                [!provide]                        PROVIDE (__preinit_array_start = .)
 *(.preinit_array)
                [!provide]                        PROVIDE (__preinit_array_end = .)

.init_array     0x0000000000008dd4        0x0
                [!provide]                        PROVIDE (__init_array_start = .)
 *(SORT_BY_INIT_PRIORITY(.init_array.*) SORT_BY_INIT_PRIORITY(.ctors.*))
 *(.init_array EXCLUDE_FILE(*crtend?.o *crtend.o *crtbegin?.o *crtbegin.o) .ctors)
                [!provide]                        PROVIDE (__init_array_end = .)

.fini_array     0x0000000000008dd4        0x0
                [!provide]                        PROVIDE (__fini_array_start = .)
 *(SORT_BY_INIT_PRIORITY(.fini_array.*) SORT_BY_INIT_PRIORITY(.dtors.*))
 *(.fini_array EXCLUDE_FILE(*crtend?.o *crtend.o *crtbegin?.o *crtbegin.o) .dtors)
                [!provide]                        PROVIDE (__fini_array_end = .)

.ctors
 *crtbegin.o(.ctors)
 *crtbegin?.o(.ctors)
 *(EXCLUDE_FILE(*crtend?.o *crtend.o) .ctors)
 *(SORT_BY_NAME(.ctors.*))
 *(.ctors)

.dtors
 *crtbegin.o(.dtors)
 *crtbegin?.o(.dtors)
 *(EXCLUDE_FILE(*crtend?.o *crtend.o) .dtors)
 *(SORT_BY_NAME(.dtors.*))
 *(.dtors)

.dalign         0x0000000020000000        0x0 load address 0x0000000000008dd4
                0x0000000020000000                . = ALIGN (0x4)
                0x0000000020000000                PROVIDE (_data_vma = .)

.dlalign        0x0000000000008dd4        0x0
                0x0000000000008dd4                . = ALIGN (0x4)
                0x0000000000008dd4                PROVIDE (_data_lma = .)

.data           0x0000000020000000       0x68 load address 0x0000000000008dd4
 *(.gnu.linkonce.r.*)
 *(.data .data.*)
 .data.impure_data
                0x0000000020000000       0x60 d:/dev/mounriver/mounriver_studio/toolchain/risc-v embedded gcc/bin/../lib/gcc/riscv-none-embed/8.2.0/../../../../riscv-none-embed/lib/rv32imac/ilp32\libg_nano.a(lib_a-impure.o)
 *(.gnu.linkonce.d.*)
                0x0000000020000060                . = ALIGN (0x8)
                0x0000000020000860                PROVIDE (__global_pointer$ = (. + 0x800))
 *(.sdata .sdata.*)
 .sdata.FMOS    0x0000000020000060        0x4 ./Sensor/mt9m001.o
 .sdata._impure_ptr
                0x0000000020000064        0x4 d:/dev/mounriver/mounriver_studio/toolchain/risc-v embedded gcc/bin/../lib/gcc/riscv-none-embed/8.2.0/../../../../riscv-none-embed/lib/rv32imac/ilp32\libg_nano.a(lib_a-impure.o)
                0x0000000020000064                _impure_ptr
 *(.sdata2.*)
 *(.gnu.linkonce.s.*)
                0x0000000020000068                . = ALIGN (0x8)
 *(.srodata.cst16)
 *(.srodata.cst8)
 *(.srodata.cst4)
 *(.srodata.cst2)
 *(.srodata .srodata.*)
                0x0000000020000068                . = ALIGN (0x4)
                0x0000000020000068                PROVIDE (_edata = .)

.bss            0x0000000020000068      0x5e4 load address 0x0000000000008e3c
                0x0000000020000068                . = ALIGN (0x4)
                0x0000000020000068                PROVIDE (_sbss = .)
 *(.sbss*)
 .sbss.DEBUG    0x0000000020000068        0x1 ./User/Main.o
                0x0000000020000068                DEBUG
 .sbss.SD_OK    0x0000000020000069        0x1 ./User/Main.o
                0x0000000020000069                SD_OK
 *fill*         0x000000002000006a        0x2 
 .sbss.lcd      0x000000002000006c        0x4 ./User/Main.o
                0x000000002000006c                lcd
 .sbss.oled     0x0000000020000070        0x4 ./User/Main.o
                0x0000000020000070                oled
 .sbss.sd       0x0000000020000074        0x4 ./User/Main.o
                0x0000000020000074                sd
 .sbss.snap_count
                0x0000000020000078        0x2 ./User/Main.o
                0x0000000020000078                snap_count
 .sbss.snapshot
                0x000000002000007a        0x1 ./User/Main.o
                0x000000002000007a                snapshot
 *fill*         0x000000002000007b        0x1 
 .sbss.curr_ypos
                0x000000002000007c        0x2 ./Sensor/mt9m001.o
                0x000000002000007c                curr_ypos
 .sbss.row_count
                0x000000002000007e        0x2 ./Sensor/mt9m001.o
                0x000000002000007e                row_count
 .sbss.p_ms     0x0000000020000080        0x2 ./Peripheral/src/CH56x_sys.o
 .sbss.p_us     0x0000000020000082        0x1 ./Peripheral/src/CH56x_sys.o
 *fill*         0x0000000020000083        0x1 
 .sbss.FatFs    0x0000000020000084        0x4 ./FATFS/ff.o
 .sbss.Fsid     0x0000000020000088        0x2 ./FATFS/ff.o
 *fill*         0x000000002000008a        0x2 
 .sbss.__malloc_free_list
                0x000000002000008c        0x4 d:/dev/mounriver/mounriver_studio/toolchain/risc-v embedded gcc/bin/../lib/gcc/riscv-none-embed/8.2.0/../../../../riscv-none-embed/lib/rv32imac/ilp32\libg_nano.a(lib_a-nano-mallocr.o)
                0x000000002000008c                __malloc_free_list
 .sbss.__malloc_sbrk_start
                0x0000000020000090        0x4 d:/dev/mounriver/mounriver_studio/toolchain/risc-v embedded gcc/bin/../lib/gcc/riscv-none-embed/8.2.0/../../../../riscv-none-embed/lib/rv32imac/ilp32\libg_nano.a(lib_a-nano-mallocr.o)
                0x0000000020000090                __malloc_sbrk_start
 .sbss.heap_end.1518
                0x0000000020000094        0x4 d:/dev/mounriver/mounriver_studio/toolchain/risc-v embedded gcc/bin/../lib/gcc/riscv-none-embed/8.2.0/../../../../riscv-none-embed/lib/rv32imac/ilp32\libnosys.a(sbrk.o)
 *(.gnu.linkonce.sb.*)
 *(.bss*)
 .bss.fs        0x0000000020000098      0x230 ./User/Main.o
                0x0000000020000098                fs
 .bss.lcd_row_buf
                0x00000000200002c8      0x280 ./Sensor/mt9m001.o
                0x00000000200002c8                lcd_row_buf
 .bss._buf      0x0000000020000548      0x100 ./LCD/lcd.o
 *(.gnu.linkonce.b.*)
 *(COMMON*)
 COMMON         0x0000000020000648        0x4 d:/dev/mounriver/mounriver_studio/toolchain/risc-v embedded gcc/bin/../lib/gcc/riscv-none-embed/8.2.0/../../../../riscv-none-embed/lib/rv32imac/ilp32\libg_nano.a(lib_a-reent.o)
                0x0000000020000648                errno
                0x000000002000064c                . = ALIGN (0x4)
                0x000000002000064c                PROVIDE (_ebss = .)
                [!provide]                        PROVIDE (_end = _ebss)
                0x000000002000064c                PROVIDE (end = .)

.DMADATA        0x0000000020020000     0x1200 load address 0x0000000000008e3c
                0x0000000020020000                . = ALIGN (0x10)
                0x0000000020020000                PROVIDE (_dmadata_start = .)
 *(.dmadata*)
 *(.dmadata.*)
                0x0000000020020000                . = ALIGN (0x10)
                0x0000000020020000                PROVIDE (_dmadata_end = .)
 .DMADATA       0x0000000020020000     0x1200 ./Sensor/mt9m001.o
                0x0000000020020000                sensor_buf_0
                0x0000000020020500                sensor_buf_1
                0x0000000020020a00                sensor_lcd_map

.stack          0x0000000020003800      0x800
                0x0000000020003800                . = ALIGN (0x4)
                [!provide]                        PROVIDE (_susrstack = .)
                0x0000000020004000                . = (. + __stack_size)
 *fill*         0x0000000020003800      0x800 
                0x0000000020004000                PROVIDE (_eusrstack = .)
OUTPUT(NSCAM.elf elf32-littleriscv)

.debug_info     0x0000000000000000    0x15af4
 .debug_info    0x0000000000000000     0x2260 ./User/Main.o
 .debug_info    0x0000000000002260       0x7e ./User/nyaops.o
 .debug_info    0x00000000000022de       0x22 ./Startup/startup_CH56x.o
 .debug_info    0x0000000000002300     0x1289 ./Sensor/mt9m001.o
 .debug_info    0x0000000000003589      0xf6e ./Sensor/sccb.o
 .debug_info    0x00000000000044f7     0x268c ./SD/sd.o
 .debug_info    0x0000000000006b83      0xa07 ./Peripheral/src/CH56x_clk.o
 .debug_info    0x000000000000758a      0xb3d ./Peripheral/src/CH56x_gpio.o
 .debug_info    0x00000000000080c7      0xe3a ./Peripheral/src/CH56x_spi.o
 .debug_info    0x0000000000008f01      0xb7f ./Peripheral/src/CH56x_sys.o
 .debug_info    0x0000000000009a80      0xcb3 ./Peripheral/src/CH56x_timer.o
 .debug_info    0x000000000000a733      0x9ba ./LCD/fonts.o
 .debug_info    0x000000000000b0ed     0x3364 ./LCD/lcd.o
 .debug_info    0x000000000000e451     0x1c41 ./LCD/oled.o
 .debug_info    0x0000000000010092      0x9a8 ./LCD/regscreen.o
 .debug_info    0x0000000000010a3a      0xd82 ./FATFS/diskio.o
 .debug_info    0x00000000000117bc     0x4338 ./FATFS/ff.o

.debug_abbrev   0x0000000000000000     0x310d
 .debug_abbrev  0x0000000000000000      0x344 ./User/Main.o
 .debug_abbrev  0x0000000000000344       0x6c ./User/nyaops.o
 .debug_abbrev  0x00000000000003b0       0x12 ./Startup/startup_CH56x.o
 .debug_abbrev  0x00000000000003c2      0x3ca ./Sensor/mt9m001.o
 .debug_abbrev  0x000000000000078c      0x2f8 ./Sensor/sccb.o
 .debug_abbrev  0x0000000000000a84      0x4c5 ./SD/sd.o
 .debug_abbrev  0x0000000000000f49      0x230 ./Peripheral/src/CH56x_clk.o
 .debug_abbrev  0x0000000000001179      0x27d ./Peripheral/src/CH56x_gpio.o
 .debug_abbrev  0x00000000000013f6      0x371 ./Peripheral/src/CH56x_spi.o
 .debug_abbrev  0x0000000000001767      0x288 ./Peripheral/src/CH56x_sys.o
 .debug_abbrev  0x00000000000019ef      0x22e ./Peripheral/src/CH56x_timer.o
 .debug_abbrev  0x0000000000001c1d      0x1ed ./LCD/fonts.o
 .debug_abbrev  0x0000000000001e0a      0x5da ./LCD/lcd.o
 .debug_abbrev  0x00000000000023e4      0x43e ./LCD/oled.o
 .debug_abbrev  0x0000000000002822      0x1cd ./LCD/regscreen.o
 .debug_abbrev  0x00000000000029ef      0x2c4 ./FATFS/diskio.o
 .debug_abbrev  0x0000000000002cb3      0x45a ./FATFS/ff.o

.debug_loc      0x0000000000000000     0x9120
 .debug_loc     0x0000000000000000      0x360 ./User/Main.o
 .debug_loc     0x0000000000000360      0x1de ./Sensor/mt9m001.o
 .debug_loc     0x000000000000053e      0x25c ./Sensor/sccb.o
 .debug_loc     0x000000000000079a      0xe97 ./SD/sd.o
 .debug_loc     0x0000000000001631       0x5c ./Peripheral/src/CH56x_clk.o
 .debug_loc     0x000000000000168d      0x2bd ./Peripheral/src/CH56x_gpio.o
 .debug_loc     0x000000000000194a      0x2e4 ./Peripheral/src/CH56x_spi.o
 .debug_loc     0x0000000000001c2e       0xea ./Peripheral/src/CH56x_sys.o
 .debug_loc     0x0000000000001d18      0x129 ./Peripheral/src/CH56x_timer.o
 .debug_loc     0x0000000000001e41       0x3a ./LCD/fonts.o
 .debug_loc     0x0000000000001e7b     0x29eb ./LCD/lcd.o
 .debug_loc     0x0000000000004866      0x96e ./LCD/oled.o
 .debug_loc     0x00000000000051d4      0x269 ./FATFS/diskio.o
 .debug_loc     0x000000000000543d     0x3ce3 ./FATFS/ff.o

.debug_aranges  0x0000000000000000      0x898
 .debug_aranges
                0x0000000000000000       0x20 ./User/Main.o
 .debug_aranges
                0x0000000000000020       0x20 ./User/nyaops.o
 .debug_aranges
                0x0000000000000040       0x38 ./Startup/startup_CH56x.o
 .debug_aranges
                0x0000000000000078       0x60 ./Sensor/mt9m001.o
 .debug_aranges
                0x00000000000000d8       0x70 ./Sensor/sccb.o
 .debug_aranges
                0x0000000000000148       0xd8 ./SD/sd.o
 .debug_aranges
                0x0000000000000220       0x28 ./Peripheral/src/CH56x_clk.o
 .debug_aranges
                0x0000000000000248       0x48 ./Peripheral/src/CH56x_gpio.o
 .debug_aranges
                0x0000000000000290       0xd8 ./Peripheral/src/CH56x_spi.o
 .debug_aranges
                0x0000000000000368       0x58 ./Peripheral/src/CH56x_sys.o
 .debug_aranges
                0x00000000000003c0       0x88 ./Peripheral/src/CH56x_timer.o
 .debug_aranges
                0x0000000000000448       0x20 ./LCD/fonts.o
 .debug_aranges
                0x0000000000000468      0x178 ./LCD/lcd.o
 .debug_aranges
                0x00000000000005e0       0xd8 ./LCD/oled.o
 .debug_aranges
                0x00000000000006b8       0x28 ./LCD/regscreen.o
 .debug_aranges
                0x00000000000006e0       0x40 ./FATFS/diskio.o
 .debug_aranges
                0x0000000000000720      0x178 ./FATFS/ff.o

.debug_ranges   0x0000000000000000     0x1160
 .debug_ranges  0x0000000000000000       0x68 ./User/Main.o
 .debug_ranges  0x0000000000000068       0x10 ./User/nyaops.o
 .debug_ranges  0x0000000000000078       0x30 ./Startup/startup_CH56x.o
 .debug_ranges  0x00000000000000a8       0x98 ./Sensor/mt9m001.o
 .debug_ranges  0x0000000000000140       0xc8 ./Sensor/sccb.o
 .debug_ranges  0x0000000000000208      0x1a8 ./SD/sd.o
 .debug_ranges  0x00000000000003b0       0x18 ./Peripheral/src/CH56x_clk.o
 .debug_ranges  0x00000000000003c8       0x38 ./Peripheral/src/CH56x_gpio.o
 .debug_ranges  0x0000000000000400       0xc8 ./Peripheral/src/CH56x_spi.o
 .debug_ranges  0x00000000000004c8       0x48 ./Peripheral/src/CH56x_sys.o
 .debug_ranges  0x0000000000000510       0x78 ./Peripheral/src/CH56x_timer.o
 .debug_ranges  0x0000000000000588       0x10 ./LCD/fonts.o
 .debug_ranges  0x0000000000000598      0x580 ./LCD/lcd.o
 .debug_ranges  0x0000000000000b18      0x198 ./LCD/oled.o
 .debug_ranges  0x0000000000000cb0       0x18 ./LCD/regscreen.o
 .debug_ranges  0x0000000000000cc8       0x30 ./FATFS/diskio.o
 .debug_ranges  0x0000000000000cf8      0x468 ./FATFS/ff.o

.debug_line     0x0000000000000000    0x1336c
 .debug_line    0x0000000000000000     0x1356 ./User/Main.o
 .debug_line    0x0000000000001356       0x5d ./User/nyaops.o
 .debug_line    0x00000000000013b3      0x251 ./Startup/startup_CH56x.o
 .debug_line    0x0000000000001604      0xa76 ./Sensor/mt9m001.o
 .debug_line    0x000000000000207a      0x9b5 ./Sensor/sccb.o
 .debug_line    0x0000000000002a2f     0x19a9 ./SD/sd.o
 .debug_line    0x00000000000043d8      0x47d ./Peripheral/src/CH56x_clk.o
 .debug_line    0x0000000000004855     0x1037 ./Peripheral/src/CH56x_gpio.o
 .debug_line    0x000000000000588c     0x10f4 ./Peripheral/src/CH56x_spi.o
 .debug_line    0x0000000000006980      0x609 ./Peripheral/src/CH56x_sys.o
 .debug_line    0x0000000000006f89      0x6fa ./Peripheral/src/CH56x_timer.o
 .debug_line    0x0000000000007683      0x1d4 ./LCD/fonts.o
 .debug_line    0x0000000000007857     0x31f1 ./LCD/lcd.o
 .debug_line    0x000000000000aa48     0x168d ./LCD/oled.o
 .debug_line    0x000000000000c0d5      0x1f4 ./LCD/regscreen.o
 .debug_line    0x000000000000c2c9      0x3c6 ./FATFS/diskio.o
 .debug_line    0x000000000000c68f     0x6cdd ./FATFS/ff.o

.debug_str      0x0000000000000000     0x1da9
 .debug_str     0x0000000000000000      0x9c0 ./User/Main.o
                                        0xbac (size before relaxing)
 .debug_str     0x00000000000009c0       0x11 ./User/nyaops.o
                                        0x110 (size before relaxing)
 .debug_str     0x00000000000009d1       0x27 ./Startup/startup_CH56x.o
                                         0x3a (size before relaxing)
 .debug_str     0x00000000000009f8      0x2f3 ./Sensor/mt9m001.o
                                        0x9cf (size before relaxing)
 .debug_str     0x0000000000000ceb       0x84 ./Sensor/sccb.o
                                        0x70d (size before relaxing)
 .debug_str     0x0000000000000d6f      0x230 ./SD/sd.o
                                        0x943 (size before relaxing)
 .debug_str     0x0000000000000f9f       0xb4 ./Peripheral/src/CH56x_clk.o
                                        0x630 (size before relaxing)
 .debug_str     0x0000000000001053       0xe0 ./Peripheral/src/CH56x_gpio.o
                                        0x738 (size before relaxing)
 .debug_str     0x0000000000001133      0x1fe ./Peripheral/src/CH56x_spi.o
                                        0x7d5 (size before relaxing)
 .debug_str     0x0000000000001331       0xe1 ./Peripheral/src/CH56x_sys.o
                                        0x693 (size before relaxing)
 .debug_str     0x0000000000001412      0x19f ./Peripheral/src/CH56x_timer.o
                                        0x75f (size before relaxing)
 .debug_str     0x00000000000015b1       0x33 ./LCD/fonts.o
                                        0x580 (size before relaxing)
 .debug_str     0x00000000000015e4      0x2ea ./LCD/lcd.o
                                        0xbae (size before relaxing)
 .debug_str     0x00000000000018ce      0x13e ./LCD/oled.o
                                        0x8eb (size before relaxing)
 .debug_str     0x0000000000001a0c       0x23 ./LCD/regscreen.o
                                        0x58c (size before relaxing)
 .debug_str     0x0000000000001a2f       0x8f ./FATFS/diskio.o
                                        0x698 (size before relaxing)
 .debug_str     0x0000000000001abe      0x2eb ./FATFS/ff.o
                                        0xb78 (size before relaxing)

.comment        0x0000000000000000       0x33
 .comment       0x0000000000000000       0x33 ./User/Main.o
                                         0x34 (size before relaxing)
 .comment       0x0000000000000033       0x34 ./User/nyaops.o
 .comment       0x0000000000000033       0x34 ./Sensor/mt9m001.o
 .comment       0x0000000000000033       0x34 ./Sensor/sccb.o
 .comment       0x0000000000000033       0x34 ./SD/sd.o
 .comment       0x0000000000000033       0x34 ./Peripheral/src/CH56x_clk.o
 .comment       0x0000000000000033       0x34 ./Peripheral/src/CH56x_gpio.o
 .comment       0x0000000000000033       0x34 ./Peripheral/src/CH56x_spi.o
 .comment       0x0000000000000033       0x34 ./Peripheral/src/CH56x_sys.o
 .comment       0x0000000000000033       0x34 ./Peripheral/src/CH56x_timer.o
 .comment       0x0000000000000033       0x34 ./LCD/fonts.o
 .comment       0x0000000000000033       0x34 ./LCD/lcd.o
 .comment       0x0000000000000033       0x34 ./LCD/oled.o
 .comment       0x0000000000000033       0x34 ./LCD/regscreen.o
 .comment       0x0000000000000033       0x34 ./FATFS/diskio.o
 .comment       0x0000000000000033       0x34 ./FATFS/ff.o

.debug_frame    0x0000000000000000     0x253c
 .debug_frame   0x0000000000000000       0x44 ./User/Main.o
 .debug_frame   0x0000000000000044       0x20 ./User/nyaops.o
 .debug_frame   0x0000000000000064      0x10c ./Sensor/mt9m001.o
 .debug_frame   0x0000000000000170      0x184 ./Sensor/sccb.o
 .debug_frame   0x00000000000002f4      0x340 ./SD/sd.o
 .debug_frame   0x0000000000000634       0x30 ./Peripheral/src/CH56x_clk.o
 .debug_frame   0x0000000000000664       0x70 ./Peripheral/src/CH56x_gpio.o
 .debug_frame   0x00000000000006d4      0x1b0 ./Peripheral/src/CH56x_spi.o
 .debug_frame   0x0000000000000884       0x90 ./Peripheral/src/CH56x_sys.o
 .debug_frame   0x0000000000000914       0xf0 ./Peripheral/src/CH56x_timer.o
 .debug_frame   0x0000000000000a04       0x20 ./LCD/fonts.o
 .debug_frame   0x0000000000000a24      0x7e4 ./LCD/lcd.o
 .debug_frame   0x0000000000001208      0x3a4 ./LCD/oled.o
 .debug_frame   0x00000000000015ac       0x30 ./LCD/regscreen.o
 .debug_frame   0x00000000000015dc       0x8c ./FATFS/diskio.o
 .debug_frame   0x0000000000001668      0x814 ./FATFS/ff.o
 .debug_frame   0x0000000000001e7c       0x40 d:/dev/mounriver/mounriver_studio/toolchain/risc-v embedded gcc/bin/../lib/gcc/riscv-none-embed/8.2.0/rv32imac/ilp32\libgcc.a(addsf3.o)
 .debug_frame   0x0000000000001ebc       0x50 d:/dev/mounriver/mounriver_studio/toolchain/risc-v embedded gcc/bin/../lib/gcc/riscv-none-embed/8.2.0/rv32imac/ilp32\libgcc.a(divsf3.o)
 .debug_frame   0x0000000000001f0c       0x20 d:/dev/mounriver/mounriver_studio/toolchain/risc-v embedded gcc/bin/../lib/gcc/riscv-none-embed/8.2.0/rv32imac/ilp32\libgcc.a(eqsf2.o)
 .debug_frame   0x0000000000001f2c       0x20 d:/dev/mounriver/mounriver_studio/toolchain/risc-v embedded gcc/bin/../lib/gcc/riscv-none-embed/8.2.0/rv32imac/ilp32\libgcc.a(gesf2.o)
 .debug_frame   0x0000000000001f4c       0x20 d:/dev/mounriver/mounriver_studio/toolchain/risc-v embedded gcc/bin/../lib/gcc/riscv-none-embed/8.2.0/rv32imac/ilp32\libgcc.a(lesf2.o)
 .debug_frame   0x0000000000001f6c       0x50 d:/dev/mounriver/mounriver_studio/toolchain/risc-v embedded gcc/bin/../lib/gcc/riscv-none-embed/8.2.0/rv32imac/ilp32\libgcc.a(mulsf3.o)
 .debug_frame   0x0000000000001fbc       0x3c d:/dev/mounriver/mounriver_studio/toolchain/risc-v embedded gcc/bin/../lib/gcc/riscv-none-embed/8.2.0/rv32imac/ilp32\libgcc.a(subsf3.o)
 .debug_frame   0x0000000000001ff8       0x20 d:/dev/mounriver/mounriver_studio/toolchain/risc-v embedded gcc/bin/../lib/gcc/riscv-none-embed/8.2.0/rv32imac/ilp32\libgcc.a(fixsfsi.o)
 .debug_frame   0x0000000000002018       0x20 d:/dev/mounriver/mounriver_studio/toolchain/risc-v embedded gcc/bin/../lib/gcc/riscv-none-embed/8.2.0/rv32imac/ilp32\libgcc.a(fixunssfsi.o)
 .debug_frame   0x0000000000002038       0x38 d:/dev/mounriver/mounriver_studio/toolchain/risc-v embedded gcc/bin/../lib/gcc/riscv-none-embed/8.2.0/rv32imac/ilp32\libgcc.a(floatsisf.o)
 .debug_frame   0x0000000000002070       0x44 d:/dev/mounriver/mounriver_studio/toolchain/risc-v embedded gcc/bin/../lib/gcc/riscv-none-embed/8.2.0/rv32imac/ilp32\libgcc.a(floatunsisf.o)
 .debug_frame   0x00000000000020b4       0x20 d:/dev/mounriver/mounriver_studio/toolchain/risc-v embedded gcc/bin/../lib/gcc/riscv-none-embed/8.2.0/rv32imac/ilp32\libgcc.a(_clzsi2.o)
 .debug_frame   0x00000000000020d4       0x30 d:/dev/mounriver/mounriver_studio/toolchain/risc-v embedded gcc/bin/../lib/gcc/riscv-none-embed/8.2.0/../../../../riscv-none-embed/lib/rv32imac/ilp32\libg_nano.a(lib_a-malloc.o)
 .debug_frame   0x0000000000002104       0x20 d:/dev/mounriver/mounriver_studio/toolchain/risc-v embedded gcc/bin/../lib/gcc/riscv-none-embed/8.2.0/../../../../riscv-none-embed/lib/rv32imac/ilp32\libg_nano.a(lib_a-memcmp.o)
 .debug_frame   0x0000000000002124       0x20 d:/dev/mounriver/mounriver_studio/toolchain/risc-v embedded gcc/bin/../lib/gcc/riscv-none-embed/8.2.0/../../../../riscv-none-embed/lib/rv32imac/ilp32\libg_nano.a(lib_a-memcpy.o)
 .debug_frame   0x0000000000002144       0x40 d:/dev/mounriver/mounriver_studio/toolchain/risc-v embedded gcc/bin/../lib/gcc/riscv-none-embed/8.2.0/../../../../riscv-none-embed/lib/rv32imac/ilp32\libg_nano.a(lib_a-nano-freer.o)
 .debug_frame   0x0000000000002184       0x40 d:/dev/mounriver/mounriver_studio/toolchain/risc-v embedded gcc/bin/../lib/gcc/riscv-none-embed/8.2.0/../../../../riscv-none-embed/lib/rv32imac/ilp32\libg_nano.a(lib_a-nano-mallocr.o)
 .debug_frame   0x00000000000021c4       0x30 d:/dev/mounriver/mounriver_studio/toolchain/risc-v embedded gcc/bin/../lib/gcc/riscv-none-embed/8.2.0/../../../../riscv-none-embed/lib/rv32imac/ilp32\libg_nano.a(lib_a-sbrkr.o)
 .debug_frame   0x00000000000021f4       0x20 d:/dev/mounriver/mounriver_studio/toolchain/risc-v embedded gcc/bin/../lib/gcc/riscv-none-embed/8.2.0/../../../../riscv-none-embed/lib/rv32imac/ilp32\libg_nano.a(lib_a-strchr.o)
 .debug_frame   0x0000000000002214       0x20 d:/dev/mounriver/mounriver_studio/toolchain/risc-v embedded gcc/bin/../lib/gcc/riscv-none-embed/8.2.0/../../../../riscv-none-embed/lib/rv32imac/ilp32\libg_nano.a(lib_a-strlen.o)
 .debug_frame   0x0000000000002234       0x3c d:/dev/mounriver/mounriver_studio/toolchain/risc-v embedded gcc/bin/../lib/gcc/riscv-none-embed/8.2.0/../../../../riscv-none-embed/lib/rv32imac/ilp32\libg_nano.a(lib_a-vsprintf.o)
 .debug_frame   0x0000000000002270       0x30 d:/dev/mounriver/mounriver_studio/toolchain/risc-v embedded gcc/bin/../lib/gcc/riscv-none-embed/8.2.0/../../../../riscv-none-embed/lib/rv32imac/ilp32\libg_nano.a(lib_a-mlock.o)
 .debug_frame   0x00000000000022a0       0x40 d:/dev/mounriver/mounriver_studio/toolchain/risc-v embedded gcc/bin/../lib/gcc/riscv-none-embed/8.2.0/../../../../riscv-none-embed/lib/rv32imac/ilp32\libg_nano.a(lib_a-nano-reallocr.o)
 .debug_frame   0x00000000000022e0       0xe0 d:/dev/mounriver/mounriver_studio/toolchain/risc-v embedded gcc/bin/../lib/gcc/riscv-none-embed/8.2.0/../../../../riscv-none-embed/lib/rv32imac/ilp32\libg_nano.a(lib_a-nano-svfprintf.o)
 .debug_frame   0x00000000000023c0       0x8c d:/dev/mounriver/mounriver_studio/toolchain/risc-v embedded gcc/bin/../lib/gcc/riscv-none-embed/8.2.0/../../../../riscv-none-embed/lib/rv32imac/ilp32\libg_nano.a(lib_a-nano-vfprintf_i.o)
 .debug_frame   0x000000000000244c       0x70 d:/dev/mounriver/mounriver_studio/toolchain/risc-v embedded gcc/bin/../lib/gcc/riscv-none-embed/8.2.0/../../../../riscv-none-embed/lib/rv32imac/ilp32\libg_nano.a(lib_a-reent.o)
 .debug_frame   0x00000000000024bc       0x20 d:/dev/mounriver/mounriver_studio/toolchain/risc-v embedded gcc/bin/../lib/gcc/riscv-none-embed/8.2.0/../../../../riscv-none-embed/lib/rv32imac/ilp32\libg_nano.a(lib_a-memchr.o)
 .debug_frame   0x00000000000024dc       0x20 d:/dev/mounriver/mounriver_studio/toolchain/risc-v embedded gcc/bin/../lib/gcc/riscv-none-embed/8.2.0/../../../../riscv-none-embed/lib/rv32imac/ilp32\libg_nano.a(lib_a-memmove.o)
 .debug_frame   0x00000000000024fc       0x20 d:/dev/mounriver/mounriver_studio/toolchain/risc-v embedded gcc/bin/../lib/gcc/riscv-none-embed/8.2.0/../../../../riscv-none-embed/lib/rv32imac/ilp32\libg_nano.a(lib_a-nano-msizer.o)
 .debug_frame   0x000000000000251c       0x20 d:/dev/mounriver/mounriver_studio/toolchain/risc-v embedded gcc/bin/../lib/gcc/riscv-none-embed/8.2.0/../../../../riscv-none-embed/lib/rv32imac/ilp32\libnosys.a(sbrk.o)
